// Jest Snapshot v1, https://goo.gl/fbAQLP

exports[`<Posts /> should match snapshot 1`] = `
<div
  class="posts"
>
  <div
    class="post"
  >
    <div
      class="photo-card"
    >
      <img
        alt="title post 1"
        class="photo"
        src="img/img-post1.png"
      />
    </div>
    <div
      class="post-content"
    >
      <h2>
        title post 1
         
        1
      </h2>
      <p>
        body post 1
      </p>
    </div>
  </div>
  <div
    class="post"
  >
    <div
      class="photo-card"
    >
      <img
        alt="title post 2"
        class="photo"
        src="img/img-post2.png"
      />
    </div>
    <div
      class="post-content"
    >
      <h2>
        title post 2
         
        2
      </h2>
      <p>
        body post 2
      </p>
    </div>
  </div>
  <div
    class="post"
  >
    <div
      class="photo-card"
    >
      <img
        alt="title post 3"
        class="photo"
        src="img/img-post3.png"
      />
    </div>
    <div
      class="post-content"
    >
      <h2>
        title post 3
         
        3
      </h2>
      <p>
        body post 3
      </p>
    </div>
  </div>
  <div
    class="post"
  >
    <div
      class="photo-card"
    >
      <img
        alt="title post 4"
        class="photo"
        src="img/img-post4.png"
      />
    </div>
    <div
      class="post-content"
    >
      <h2>
        title post 4
         
        4
      </h2>
      <p>
        body post 4
      </p>
    </div>
  </div>
  <div
    class="post"
  >
    <div
      class="photo-card"
    >
      <img
        alt="title post 5"
        class="photo"
        src="img/img-post5.png"
      />
    </div>
    <div
      class="post-content"
    >
      <h2>
        title post 5
         
        5
      </h2>
      <p>
        body post 5
      </p>
    </div>
  </div>
</div>
`;
